// Jest Snapshot v1, https://goo.gl/fbAQLP

exports[`Dragon component matches snapshot 1`] = `<dragonsSlice />`;
